// Jest Snapshot v1, https://goo.gl/fbAQLP

exports[`Test by snapshot 1`] = `
<div
  style={
    Object {
      "alignItems": "flex-start",
      "display": "flex",
      "flexDirection": "column",
      "justifyContent": "flex-start",
      "left": 0,
      "position": "fixed",
      "top": 0,
      "width": "100%",
      "zIndex": 100,
    }
  }
>
  <div
    style={
      Object {
        "alignItems": "center",
        "backgroundColor": "#EEEEEE",
        "borderBottomColor": "#CCCCCC",
        "borderBottomStyle": "solid",
        "display": "flex",
        "elevation": 10,
        "flexDirection": "row",
        "justifyContent": "space-between",
        "paddingRight": 30,
        "paddingTop": 10,
        "shadowColor": "#888888",
        "shadowOffset": Object {
          "height": 10,
          "width": 10,
        },
        "shadowOpacity": 0.75,
        "shadowRadius": 5,
        "width": "100%",
      }
    }
  >
    <img
      style={
        Object {
          "marginBottom": 4,
          "marginLeft": 20,
          "maxWidth": 80,
        }
      }
    />
    <div
      style={
        Object {
          "marginLeft": 10,
          "paddingTop": 5,
        }
      }
    >
      <div
        style={
          Object {
            "color": "#4880ED",
            "fontFamily": "Elysio-Light, Helvetica, Arial, sans-serif",
            "fontSize": 20,
            "fontWeight": 300,
            "whiteSpace": "nowrap",
          }
        }
      />
    </div>
    <div
      style={Object {}}
    >
      <a
        data-testid="mobile-to-open-menu"
        href="#b"
        onClick={[Function]}
        style={
          Object {
            "color": "#4880ED",
            "fontSize": 40,
            "fontStyle": "normal",
            "fontWeight": "normal",
          }
        }
      >
        â˜°
      </a>
    </div>
  </div>
</div>
`;
